// Jest Snapshot v1, https://goo.gl/fbAQLP

exports[`renders the navbar component 1`] = `
<DocumentFragment>
  <header
    class="navbar"
  >
    <img
      alt="logo"
      class="logo"
      src="planet.png"
    />
    <h1
      class="logo-title"
    >
       Space Travelers' Hub 
    </h1>
    <nav>
      <ul
        class="NavLinks"
      >
        <li>
          <a
            aria-current="page"
            class="active"
            href="/"
            style="text-decoration: underline;"
          >
            Rockets
          </a>
        </li>
        <li>
          <a
            class=""
            href="/missions/"
            style="text-decoration: none;"
          >
            Missions
          </a>
        </li>
        <li>
          <a
            class=""
            href="/my-profile/"
            style="text-decoration: none;"
          >
            My Profile
          </a>
        </li>
      </ul>
    </nav>
  </header>
</DocumentFragment>
`;
